2026-9-9 16:23:31-log: Cannot access game frame or container.
2026-9-9 16:23:31-debug: asset-db:require-engine-code (669ms)
2026-9-9 16:23:31-log: meshopt wasm decoder initialized
2026-9-9 16:23:31-log: [bullet]:bullet wasm lib loaded.
2026-9-9 16:23:31-log: [box2d]:box2d wasm lib loaded.
2026-9-9 16:23:31-log: Cocos Creator v3.8.8
2026-9-9 16:23:31-log: Forward render pipeline initialized.
2026-9-9 16:23:31-log: Using legacy pipeline
2026-9-9 16:23:31-debug: [Assets Memory track]: asset-db:worker-init: initEngine start:28.19MB, end 79.45MB, increase: 51.25MB
2026-9-9 16:23:33-debug: [Assets Memory track]: asset-db:worker-init: initPlugin start:79.49MB, end 275.82MB, increase: 196.33MB
2026-9-9 16:23:33-debug: run package(windows) handler(enable) success!
2026-9-9 16:23:33-debug: run package(xiaomi-quick-game) handler(enable) start
2026-9-9 16:23:33-debug: run package(xiaomi-quick-game) handler(enable) success!
2026-9-9 16:23:33-debug: run package(windows) handler(enable) start
2026-9-9 16:23:33-debug: run package(cocos-service) handler(enable) start
2026-9-9 16:23:33-debug: run package(im-plugin) handler(enable) success!
2026-9-9 16:23:33-debug: run package(placeholder) handler(enable) start
2026-9-9 16:23:33-debug: run package(placeholder) handler(enable) success!
2026-9-9 16:23:33-debug: run package(im-plugin) handler(enable) start
2026-9-9 16:23:33-debug: run package(cocos-service) handler(enable) success!
2026-9-9 16:23:33-debug: asset-db:worker-init: initPlugin (2067ms)
2026-9-9 16:23:33-debug: [Assets Memory track]: asset-db:worker-init start:28.19MB, end 273.17MB, increase: 244.98MB
2026-9-9 16:23:33-debug: Run asset db hook programming:beforePreStart ...
2026-9-9 16:23:33-debug: Run asset db hook engine-extends:beforePreStart success!
2026-9-9 16:23:33-debug: Run asset db hook engine-extends:beforePreStart ...
2026-9-9 16:23:33-debug: Run asset db hook programming:beforePreStart success!
2026-9-9 16:23:34-debug: asset-db:worker-init (3093ms)
2026-9-9 16:23:34-debug: asset-db-hook-programming-beforePreStart (158ms)
2026-9-9 16:23:34-debug: asset-db-hook-engine-extends-beforePreStart (159ms)
2026-9-9 16:23:34-debug: Preimport db internal success
2026-9-9 16:23:34-debug: Preimport db assets success
2026-9-9 16:23:34-debug: Run asset db hook programming:afterPreStart ...
2026-9-9 16:23:34-debug: starting packer-driver...
2026-9-9 16:23:34-debug: initialize scripting environment...
2026-9-9 16:23:34-debug: [[Executor]] prepare before lock
2026-9-9 16:23:34-debug: Set detail map pack:///resolution-detail-map.json: {}
2026-9-9 16:23:34-debug: [[Executor]] prepare after unlock
2026-9-9 16:23:34-debug: Run asset db hook programming:afterPreStart success!
2026-9-9 16:23:34-debug: Run asset db hook engine-extends:afterPreStart ...
2026-9-9 16:23:34-debug: [Assets Memory track]: asset-db:worker-init: preStart start:273.18MB, end 276.97MB, increase: 3.79MB
2026-9-9 16:23:34-debug: Run asset db hook engine-extends:afterPreStart success!
2026-9-9 16:23:34-debug: Start up the 'internal' database...
2026-9-9 16:23:35-debug: asset-db-hook-programming-afterPreStart (987ms)
2026-9-9 16:23:35-debug: asset-db:worker-effect-data-processing (392ms)
2026-9-9 16:23:35-debug: asset-db-hook-engine-extends-afterPreStart (392ms)
2026-9-9 16:23:35-debug: Run asset db hook engine-extends:afterStartDB ...
2026-9-9 16:23:36-debug: recompile effect.bin success
2026-9-9 16:23:36-debug: Run asset db hook engine-extends:afterStartDB success!
2026-9-9 16:23:36-debug: Start up the 'assets' database...
2026-9-9 16:23:36-debug: asset-db-hook-engine-extends-afterStartDB (810ms)
2026-9-9 16:23:36-debug: asset-db:worker-effect-data-processing (810ms)
2026-9-9 16:23:36-debug: Run asset db hook engine-extends:afterStartDB ...
2026-9-9 16:23:36-debug: Run asset db hook engine-extends:afterStartDB success!
2026-9-9 16:23:36-debug: lazy register asset handler directory
2026-9-9 16:23:36-debug: lazy register asset handler text
2026-9-9 16:23:36-debug: recompile effect.bin success
2026-9-9 16:23:36-debug: lazy register asset handler spine-data
2026-9-9 16:23:36-debug: lazy register asset handler dragonbones
2026-9-9 16:23:36-debug: lazy register asset handler json
2026-9-9 16:23:36-debug: lazy register asset handler dragonbones-atlas
2026-9-9 16:23:36-debug: lazy register asset handler *
2026-9-9 16:23:36-debug: lazy register asset handler javascript
2026-9-9 16:23:36-debug: lazy register asset handler scene
2026-9-9 16:23:36-debug: lazy register asset handler terrain
2026-9-9 16:23:36-debug: lazy register asset handler typescript
2026-9-9 16:23:36-debug: lazy register asset handler sprite-frame
2026-9-9 16:23:36-debug: lazy register asset handler tiled-map
2026-9-9 16:23:36-debug: lazy register asset handler buffer
2026-9-9 16:23:36-debug: lazy register asset handler prefab
2026-9-9 16:23:36-debug: lazy register asset handler sign-image
2026-9-9 16:23:36-debug: lazy register asset handler alpha-image
2026-9-9 16:23:36-debug: lazy register asset handler texture
2026-9-9 16:23:36-debug: lazy register asset handler texture-cube
2026-9-9 16:23:36-debug: lazy register asset handler render-texture
2026-9-9 16:23:36-debug: lazy register asset handler erp-texture-cube
2026-9-9 16:23:36-debug: lazy register asset handler texture-cube-face
2026-9-9 16:23:36-debug: lazy register asset handler rt-sprite-frame
2026-9-9 16:23:36-debug: lazy register asset handler gltf-mesh
2026-9-9 16:23:36-debug: lazy register asset handler gltf-animation
2026-9-9 16:23:36-debug: lazy register asset handler image
2026-9-9 16:23:36-debug: lazy register asset handler gltf-skeleton
2026-9-9 16:23:36-debug: lazy register asset handler gltf
2026-9-9 16:23:36-debug: lazy register asset handler gltf-scene
2026-9-9 16:23:36-debug: lazy register asset handler gltf-material
2026-9-9 16:23:36-debug: lazy register asset handler gltf-embeded-image
2026-9-9 16:23:36-debug: lazy register asset handler physics-material
2026-9-9 16:23:36-debug: lazy register asset handler fbx
2026-9-9 16:23:36-debug: lazy register asset handler effect
2026-9-9 16:23:36-debug: lazy register asset handler material
2026-9-9 16:23:36-debug: lazy register asset handler effect-header
2026-9-9 16:23:36-debug: lazy register asset handler audio-clip
2026-9-9 16:23:36-debug: lazy register asset handler animation-clip
2026-9-9 16:23:36-debug: lazy register asset handler animation-graph
2026-9-9 16:23:36-debug: lazy register asset handler ttf-font
2026-9-9 16:23:36-debug: lazy register asset handler animation-graph-variant
2026-9-9 16:23:36-debug: lazy register asset handler bitmap-font
2026-9-9 16:23:36-debug: lazy register asset handler animation-mask
2026-9-9 16:23:36-debug: lazy register asset handler sprite-atlas
2026-9-9 16:23:36-debug: lazy register asset handler particle
2026-9-9 16:23:36-debug: lazy register asset handler auto-atlas
2026-9-9 16:23:36-debug: lazy register asset handler render-pipeline
2026-9-9 16:23:36-debug: lazy register asset handler render-flow
2026-9-9 16:23:36-debug: lazy register asset handler render-stage
2026-9-9 16:23:36-debug: lazy register asset handler instantiation-material
2026-9-9 16:23:36-debug: lazy register asset handler instantiation-skeleton
2026-9-9 16:23:36-debug: lazy register asset handler instantiation-mesh
2026-9-9 16:23:36-debug: lazy register asset handler instantiation-animation
2026-9-9 16:23:36-debug: lazy register asset handler video-clip
2026-9-9 16:23:36-debug: lazy register asset handler label-atlas
2026-9-9 16:23:36-debug: asset-db:start-database (2445ms)
2026-9-9 16:23:36-debug: asset-db-hook-engine-extends-afterStartDB (276ms)
2026-9-9 16:23:36-debug: asset-db:ready (8260ms)
2026-9-9 16:23:36-debug: asset-db:worker-effect-data-processing (276ms)
2026-9-9 16:23:36-debug: init worker message success
2026-9-9 16:23:36-debug: programming:execute-script (12ms)
2026-9-9 16:23:36-debug: [Build Memory track]: builder:worker-init start:227.68MB, end 235.94MB, increase: 8.25MB
2026-9-9 16:23:36-debug: builder:worker-init (311ms)
2026-9-9 16:23:39-debug: refresh db internal success
2026-9-9 16:23:39-debug: refresh db assets success
2026-9-9 16:23:39-debug: Run asset db hook engine-extends:afterRefresh ...
2026-9-9 16:23:39-debug: Run asset db hook engine-extends:afterRefresh success!
2026-9-9 16:23:39-debug: asset-db:worker-effect-data-processing (2ms)
2026-9-9 16:23:39-debug: asset-db:refresh-all-database (87ms)
2026-9-9 16:23:39-debug: asset-db-hook-engine-extends-afterRefresh (2ms)
2026-9-9 16:24:48-debug: refresh db internal success
2026-9-9 16:24:48-debug: refresh db assets success
2026-9-9 16:24:48-debug: Run asset db hook engine-extends:afterRefresh ...
2026-9-9 16:24:48-debug: Run asset db hook engine-extends:afterRefresh success!
2026-9-9 16:24:48-debug: asset-db:refresh-all-database (117ms)
2026-9-9 16:24:48-debug: asset-db:worker-effect-data-processing (4ms)
2026-9-9 16:24:48-debug: asset-db-hook-engine-extends-afterRefresh (5ms)
2026-9-9 16:34:42-debug: refresh db internal success
2026-9-9 16:34:42-debug: refresh db assets success
2026-9-9 16:34:42-debug: Run asset db hook engine-extends:afterRefresh ...
2026-9-9 16:34:42-debug: Run asset db hook engine-extends:afterRefresh success!
2026-9-9 16:34:42-debug: asset-db:refresh-all-database (65ms)
2026-9-9 16:34:42-debug: asset-db:worker-effect-data-processing (2ms)
2026-9-9 16:34:42-debug: asset-db-hook-engine-extends-afterRefresh (2ms)
2026-9-9 16:35:08-debug: refresh db internal success
2026-9-9 16:35:08-debug: refresh db assets success
2026-9-9 16:35:08-debug: Run asset db hook engine-extends:afterRefresh ...
2026-9-9 16:35:08-debug: Run asset db hook engine-extends:afterRefresh success!
2026-9-9 16:35:08-debug: asset-db:refresh-all-database (62ms)
2026-9-9 16:35:08-debug: asset-db:worker-effect-data-processing (2ms)
2026-9-9 16:35:08-debug: asset-db-hook-engine-extends-afterRefresh (2ms)
2026-9-9 16:35:37-debug: refresh db internal success
2026-9-9 16:35:37-debug: refresh db assets success
2026-9-9 16:35:37-debug: Run asset db hook engine-extends:afterRefresh ...
2026-9-9 16:35:37-debug: Run asset db hook engine-extends:afterRefresh success!
2026-9-9 16:35:37-debug: asset-db:refresh-all-database (101ms)
2026-9-9 16:35:37-debug: asset-db:worker-effect-data-processing (3ms)
2026-9-9 16:35:37-debug: asset-db-hook-engine-extends-afterRefresh (3ms)
2026-9-9 16:36:47-debug: refresh db internal success
2026-9-9 16:36:47-debug: refresh db assets success
2026-9-9 16:36:47-debug: Run asset db hook engine-extends:afterRefresh ...
2026-9-9 16:36:47-debug: Run asset db hook engine-extends:afterRefresh success!
2026-9-9 16:36:47-debug: asset-db:refresh-all-database (61ms)
2026-9-9 16:36:47-debug: asset-db:worker-effect-data-processing (2ms)
2026-9-9 16:36:47-debug: asset-db-hook-engine-extends-afterRefresh (2ms)
2026-9-9 16:36:50-debug: refresh db internal success
2026-9-9 16:36:50-debug: refresh db assets success
2026-9-9 16:36:50-debug: Run asset db hook engine-extends:afterRefresh ...
2026-9-9 16:36:50-debug: Run asset db hook engine-extends:afterRefresh success!
2026-9-9 16:36:50-debug: asset-db:refresh-all-database (54ms)
2026-9-9 16:36:50-debug: asset-db:worker-effect-data-processing (1ms)
2026-9-9 16:36:50-debug: asset-db-hook-engine-extends-afterRefresh (2ms)
2026-9-9 16:37:13-debug: Query all assets info in project
2026-9-9 16:37:13-debug: init custom config: keepNodeUuid: false, useCache: true
2026-9-9 16:37:13-debug: Skip compress image, progress: 0%
2026-9-9 16:37:13-debug: Init all bundles start..., progress: 0%
2026-9-9 16:37:13-debug: Num of bundles: 2..., progress: 0%
2026-9-9 16:37:13-debug: Query asset bundle start, progress: 0%
2026-9-9 16:37:13-debug: // ---- build task Query asset bundle ----
2026-9-9 16:37:13-debug: Init bundle root assets start..., progress: 0%
2026-9-9 16:37:13-debug: Query preload assets/scripts from cc.config.json: 60f7195c-ec2a-45eb-ba94-8955f60e81d0,1c02ae6f-4492-4915-b8f8-7492a3b1e4cd,810e96e4-e456-4468-9b59-f4e8f39732c0,efe8e2a3-eace-427b-b4f1-cb8a937ec77d,e9aa9a3e-5b2b-4ac7-a2c7-073de2b2b24f,8bbdbcdd-5cd4-4100-b6d5-b7c9625b6107,50f4348b-c883-4e2f-8f11-ce233b859fa1,fda095cb-831d-4601-ad94-846013963de8,f92806d7-1768-443f-afe8-12bcde84d0f0,dd3a144d-ab7f-41f0-82b8-2e43a090d496,f0416e68-0200-4b77-a926-4f9d16e494da,511d2633-09a7-4bdd-ac42-f778032124b3,5d45aa00-e064-4938-b314-4265f0c2258c,9361fd90-ba52-4f84-aa93-6e878fd576ca,970b0598-bcb0-4714-91fb-2e81440dccd8,bcd64cc6-2dd9-43f6-abbe-66318d332032,d930590d-bb92-4cc8-8bd1-23cd027f9edf,a3cd009f-0ab0-420d-9278-b9fdab939bbc,6a2d0734-bd9e-4ddf-946e-caa52498cb75,c27215d8-6835-4b68-bfbb-bdeac6100c04,b5d6115f-0370-4d7c-aad3-c194cc71cf98,d1346436-ac96-4271-b863-1f4fdead95b0,971bdb23-3ff6-43eb-b422-1c30165a3663,17debcc3-0a6b-4b8a-b00b-dc58b885581e,711ebe11-f673-4cd9-9a83-63c60ba54c5b,c0143906-9aed-447e-9436-2ae8512d1b6e,14da1725-c4c2-42b4-ab08-ee0aeb6898b3,081cab31-dccd-428e-8652-f2404cc81c47,78e0584a-4343-4727-8f37-e14e65c2a2db,ba21476f-2866-4f81-9c4d-6e359316e448,871c3b6c-7379-419d-bda3-794b239ab90d,1d08ef62-a503-4ce2-8b9a-46c90873f7d3,ff9b0199-ce04-4cfe-86cc-6c719f08d6e4,de1c2107-70c8-4021-8459-6399f24d01c6,cbf30902-517f-40dc-af90-a550bac27cf1,5c601d96-e4c7-4698-991b-7ee674b11079
2026-9-9 16:37:13-debug:   Number of all scenes: 1
2026-9-9 16:37:13-debug:   Number of all scripts: 8
2026-9-9 16:37:13-debug: Init bundle root assets success..., progress: 0%
2026-9-9 16:37:13-debug:   Number of other assets: 334
2026-9-9 16:37:13-debug: // ---- build task Query asset bundle ---- (8ms)
2026-9-9 16:37:13-log: run build task Query asset bundle success in 8 ms√, progress: 5%
2026-9-9 16:37:13-debug: [Build Memory track]: Query asset bundle start:228.56MB, end 228.44MB, increase: -124.22KB
2026-9-9 16:37:13-debug: Query asset bundle start, progress: 5%
2026-9-9 16:37:13-debug: // ---- build task Query asset bundle ----
2026-9-9 16:37:13-debug: // ---- build task Query asset bundle ---- (4ms)
2026-9-9 16:37:13-log: run build task Query asset bundle success in 4 ms√, progress: 10%
2026-9-9 16:37:13-debug: [Build Memory track]: Query asset bundle start:228.48MB, end 228.62MB, increase: 146.79KB
2026-9-9 16:37:13-debug: Sort some build options to settings.json start, progress: 10%
2026-9-9 16:37:13-debug: // ---- build task Sort some build options to settings.json ----
2026-9-9 16:37:13-log: run build task Sort some build options to settings.json success in 1 ms√, progress: 12%
2026-9-9 16:37:13-debug: [Build Memory track]: Sort some build options to settings.json start:228.67MB, end 228.70MB, increase: 35.38KB
2026-9-9 16:37:13-debug: Fill script data to settings start, progress: 12%
2026-9-9 16:37:13-debug: // ---- build task Sort some build options to settings.json ---- (1ms)
2026-9-9 16:37:13-debug: // ---- build task Fill script data to settings ----
2026-9-9 16:37:13-debug: // ---- build task Fill script data to settings ---- (2ms)
2026-9-9 16:37:13-log: run build task Fill script data to settings success in 2 ms√, progress: 13%
2026-9-9 16:37:13-debug: // ---- build task Sort some build options to settings.json ----
2026-9-9 16:37:13-debug: [Build Memory track]: Fill script data to settings start:228.74MB, end 228.78MB, increase: 42.82KB
2026-9-9 16:37:13-debug: Sort some build options to settings.json start, progress: 13%
2026-9-9 16:37:13-debug: // ---- build task Sort some build options to settings.json ---- (7ms)
2026-9-9 16:37:13-log: run build task Sort some build options to settings.json success in 7 ms√, progress: 15%
2026-9-9 16:37:13-debug: [Build Memory track]: Sort some build options to settings.json start:228.83MB, end 228.97MB, increase: 144.48KB
2026-9-9 16:37:18-debug: refresh db internal success
2026-9-9 16:37:18-debug: refresh db assets success
2026-9-9 16:37:18-debug: Run asset db hook engine-extends:afterRefresh success!
2026-9-9 16:37:18-debug: Run asset db hook engine-extends:afterRefresh ...
2026-9-9 16:37:18-debug: asset-db:refresh-all-database (70ms)
2026-9-9 16:37:18-debug: asset-db:worker-effect-data-processing (3ms)
2026-9-9 16:37:18-debug: asset-db-hook-engine-extends-afterRefresh (4ms)
2026-9-9 16:37:30-debug: refresh db internal success
2026-9-9 16:37:30-debug: refresh db assets success
2026-9-9 16:37:30-debug: Run asset db hook engine-extends:afterRefresh ...
2026-9-9 16:37:30-debug: Run asset db hook engine-extends:afterRefresh success!
2026-9-9 16:37:30-debug: asset-db:refresh-all-database (58ms)
2026-9-9 16:37:30-debug: asset-db:worker-effect-data-processing (1ms)
2026-9-9 16:37:30-debug: asset-db-hook-engine-extends-afterRefresh (1ms)
2026-9-9 16:38:37-debug: refresh db internal success
2026-9-9 16:38:37-debug: refresh db assets success
2026-9-9 16:38:37-debug: Run asset db hook engine-extends:afterRefresh ...
2026-9-9 16:38:37-debug: Run asset db hook engine-extends:afterRefresh success!
2026-9-9 16:38:37-debug: asset-db:refresh-all-database (68ms)
2026-9-9 16:38:37-debug: asset-db:worker-effect-data-processing (2ms)
2026-9-9 16:38:37-debug: asset-db-hook-engine-extends-afterRefresh (3ms)
2026-9-9 16:39:09-debug: refresh db internal success
2026-9-9 16:39:09-debug: Run asset db hook engine-extends:afterRefresh ...
2026-9-9 16:39:09-debug: Run asset db hook engine-extends:afterRefresh success!
2026-9-9 16:39:09-debug: refresh db assets success
2026-9-9 16:39:09-debug: asset-db:refresh-all-database (66ms)
2026-9-9 16:39:09-debug: asset-db:worker-effect-data-processing (2ms)
2026-9-9 16:39:09-debug: asset-db-hook-engine-extends-afterRefresh (3ms)
2026-9-9 16:42:12-debug: refresh db internal success
2026-9-9 16:42:12-debug: refresh db assets success
2026-9-9 16:42:12-debug: Run asset db hook engine-extends:afterRefresh ...
2026-9-9 16:42:12-debug: Run asset db hook engine-extends:afterRefresh success!
2026-9-9 16:42:12-debug: asset-db:refresh-all-database (61ms)
2026-9-9 16:42:12-debug: asset-db:worker-effect-data-processing (1ms)
2026-9-9 16:42:12-debug: asset-db-hook-engine-extends-afterRefresh (2ms)
2026-9-9 16:42:46-debug: refresh db internal success
2026-9-9 16:42:46-debug: refresh db assets success
2026-9-9 16:42:46-debug: Run asset db hook engine-extends:afterRefresh ...
2026-9-9 16:42:46-debug: Run asset db hook engine-extends:afterRefresh success!
2026-9-9 16:42:46-debug: asset-db:refresh-all-database (79ms)
2026-9-9 16:42:46-debug: asset-db:worker-effect-data-processing (2ms)
2026-9-9 16:42:46-debug: asset-db-hook-engine-extends-afterRefresh (3ms)
2026-9-9 16:43:05-debug: refresh db internal success
2026-9-9 16:43:05-debug: refresh db assets success
2026-9-9 16:43:05-debug: Run asset db hook engine-extends:afterRefresh ...
2026-9-9 16:43:05-debug: Run asset db hook engine-extends:afterRefresh success!
2026-9-9 16:43:05-debug: asset-db:refresh-all-database (65ms)
2026-9-9 16:43:05-debug: asset-db:worker-effect-data-processing (2ms)
2026-9-9 16:43:05-debug: asset-db-hook-engine-extends-afterRefresh (2ms)
2026-9-9 16:43:53-debug: refresh db internal success
2026-9-9 16:43:53-debug: refresh db assets success
2026-9-9 16:43:53-debug: Run asset db hook engine-extends:afterRefresh ...
2026-9-9 16:43:53-debug: Run asset db hook engine-extends:afterRefresh success!
2026-9-9 16:43:53-debug: asset-db:refresh-all-database (56ms)
2026-9-9 16:43:53-debug: asset-db:worker-effect-data-processing (1ms)
2026-9-9 16:43:53-debug: asset-db-hook-engine-extends-afterRefresh (2ms)
2026-9-9 16:46:37-debug: refresh db internal success
2026-9-9 16:46:37-debug: refresh db assets success
2026-9-9 16:46:37-debug: Run asset db hook engine-extends:afterRefresh ...
2026-9-9 16:46:37-debug: Run asset db hook engine-extends:afterRefresh success!
2026-9-9 16:46:37-debug: asset-db:refresh-all-database (70ms)
2026-9-9 16:46:37-debug: asset-db-hook-engine-extends-afterRefresh (2ms)
2026-9-9 16:46:37-debug: asset-db:worker-effect-data-processing (1ms)
2026-9-9 16:47:31-debug: refresh db internal success
2026-9-9 16:47:31-debug: refresh db assets success
2026-9-9 16:47:31-debug: Run asset db hook engine-extends:afterRefresh ...
2026-9-9 16:47:31-debug: Run asset db hook engine-extends:afterRefresh success!
2026-9-9 16:47:31-debug: asset-db:worker-effect-data-processing (2ms)
2026-9-9 16:47:31-debug: asset-db-hook-engine-extends-afterRefresh (2ms)
2026-9-9 16:47:31-debug: asset-db:refresh-all-database (58ms)
2026-9-9 16:47:44-debug: Start record console... {file(C:\Users\yyxkk\Mahjong\temp\builder\log\wechatgame2026-9-9 16-47.log)}
2026-9-9 16:47:44-debug: =================================== build Task (wechatgame) Start ================================
2026-9-9 16:47:44-debug: Build with Cocos Creator 3.8.8
2026-9-9 16:47:44-debug: Start build task, options:{"name":"NewProject","server":"","engineModulesConfigKey":"defaultConfig","platform":"wechatgame","buildPath":"project://build","debug":false,"buildMode":"normal","mangleProperties":false,"md5Cache":false,"skipCompressTexture":false,"sourceMaps":false,"overwriteProjectSettings":{"macroConfig":{"cleanupImageCache":"on"},"includeModules":{"physics":"inherit-project-setting","physics-2d":"inherit-project-setting","gfx-webgl2":"off"}},"nativeCodeBundleMode":"wasm","polyfills":{"asyncFunctions":false},"experimentalEraseModules":false,"startSceneAssetBundle":false,"bundleConfigs":[],"inlineEnum":true,"useBuiltinServer":false,"md5CacheOptions":{"excludes":[],"includes":[],"replaceOnly":[],"handleTemplateMd5Link":true},"mainBundleIsRemote":false,"mainBundleCompressionType":"merge_dep","useSplashScreen":true,"bundleCommonChunk":false,"packAutoAtlas":true,"startScene":"84f0e78a-0c3d-4ce2-81e5-ea5933d7a0e5","outputName":"wechatgame","taskName":"wechatgame","scenes":[{"url":"db://assets/scene.scene","uuid":"84f0e78a-0c3d-4ce2-81e5-ea5933d7a0e5"}],"wasmCompressionMode":false,"binGroupConfig":{"threshold":16,"enable":false},"packages":{"cocos-service":{"configID":"265e38","services":[]},"wechatgame":{"orientation":"portrait","appid":"wx89c46ad8b1d684be","buildOpenDataContextTemplate":"","separateEngine":false,"highPerformanceMode":false,"__version__":"1.0.4"}},"__version__":"1.3.9","logDest":"project://temp/builder/log/wechatgame2026-9-9 16-47.log"}
2026-9-9 16:47:44-debug: wechatgame:(onBeforeBuild) start..., progress: 0%
2026-9-9 16:47:44-debug: // ---- build task wechatgame：onBeforeBuild ----
2026-9-9 16:47:44-debug: // ---- build task wechatgame：onBeforeBuild ---- (11ms)
2026-9-9 16:47:44-debug: wechatgame:(onBeforeBuild) in 11 ms ✓, progress: 2%
2026-9-9 16:47:44-debug: cocos-service:(onBeforeBuild) start..., progress: 2%
2026-9-9 16:47:44-debug: // ---- build task cocos-service：onBeforeBuild ----
2026-9-9 16:47:44-debug: // ---- build task cocos-service：onBeforeBuild ---- (92ms)
2026-9-9 16:47:44-debug: cocos-service:(onBeforeBuild) in 92 ms ✓, progress: 4%
2026-9-9 16:47:44-debug: scene:(onBeforeBuild) start..., progress: 4%
2026-9-9 16:47:44-debug: // ---- build task scene：onBeforeBuild ----
2026-9-9 16:47:47-debug: %cImport%c: C:\Users\yyxkk\Mahjong\assets\scene.scenebackground: #aaff85; color: #000;color: #000;
2026-9-9 16:47:47-debug: save scene because scene is dirty
2026-9-9 16:47:47-debug: // ---- build task scene：onBeforeBuild ---- (3323ms)
2026-9-9 16:47:47-debug: scene:(onBeforeBuild) in 3323 ms ✓, progress: 5%
2026-9-9 16:47:47-debug: Start lock asset db..., progress: 5%
2026-9-9 16:47:47-log: Asset DB is paused with build!
2026-9-9 16:47:47-debug: Query all assets info in project
2026-9-9 16:47:47-debug: asset-db:reimport-asset84f0e78a-0c3d-4ce2-81e5-ea5933d7a0e5 (29ms)
2026-9-9 16:47:47-debug: init custom config: keepNodeUuid: false, useCache: true
2026-9-9 16:47:47-debug: wechatgame:(onAfterInit) start..., progress: 5%
2026-9-9 16:47:47-debug: // ---- build task wechatgame：onAfterInit ----
2026-9-9 16:47:47-debug: // ---- build task wechatgame：onAfterInit ---- (12ms)
2026-9-9 16:47:47-debug: // ---- build task cocos-service：onAfterInit ----
2026-9-9 16:47:47-debug: cocos-service:(onAfterInit) start..., progress: 7%
2026-9-9 16:47:47-debug: wechatgame:(onAfterInit) in 12 ms ✓, progress: 7%
2026-9-9 16:47:48-log: The asset database is locked, asset operations(refresh) will delay response, please wait a moment.
2026-9-9 16:47:48-debug: // ---- build task cocos-service：onAfterInit ---- (77ms)
2026-9-9 16:47:48-debug: cocos-service:(onAfterInit) in 77 ms ✓, progress: 9%
2026-9-9 16:47:48-debug: Skip compress image, progress: 0%
2026-9-9 16:47:48-debug: wechatgame:(onBeforeBundleInit) start..., progress: 9%
2026-9-9 16:47:48-debug: wechatgame:(onBeforeBundleInit) start..., progress: 0%
2026-9-9 16:47:48-debug: // ---- build task wechatgame：onBeforeBundleInit ----
2026-9-9 16:47:48-debug: // ---- build task wechatgame：onBeforeBundleInit ---- (26ms)
2026-9-9 16:47:48-debug: wechatgame:(onBeforeBundleInit) in 26 ms ✓, progress: 7%
2026-9-9 16:47:48-debug: adsense-h5g-plugin:(onBeforeBundleInit) start..., progress: 9%
2026-9-9 16:47:48-debug: wechatgame:(onBeforeBundleInit) in 26 ms ✓, progress: 9%
2026-9-9 16:47:48-debug: adsense-h5g-plugin:(onBeforeBundleInit) start..., progress: 7%
2026-9-9 16:47:48-debug: // ---- build task adsense-h5g-plugin：onBeforeBundleInit ----
2026-9-9 16:47:48-debug: [adsense-h5g-plugin] remove script success
2026-9-9 16:47:48-debug: // ---- build task adsense-h5g-plugin：onBeforeBundleInit ---- (18ms)
2026-9-9 16:47:48-debug: adsense-h5g-plugin:(onBeforeBundleInit) in 18 ms ✓, progress: 9%
2026-9-9 16:47:48-debug: adsense-h5g-plugin:(onBeforeBundleInit) in 18 ms ✓, progress: 13%
2026-9-9 16:47:48-debug: Init all bundles start..., progress: 9%
2026-9-9 16:47:48-debug: Init all bundles start..., progress: 13%
2026-9-9 16:47:48-debug: Num of bundles: 2..., progress: 13%
2026-9-9 16:47:48-debug: Query asset bundle start, progress: 9%
2026-9-9 16:47:48-debug: // ---- build task Query asset bundle ----
2026-9-9 16:47:48-debug: Init bundle root assets start..., progress: 9%
2026-9-9 16:47:48-debug: Num of bundles: 2..., progress: 9%
2026-9-9 16:47:48-debug: Init bundle root assets start..., progress: 13%
2026-9-9 16:47:48-debug: Query preload assets/scripts from cc.config.json: 60f7195c-ec2a-45eb-ba94-8955f60e81d0,1c02ae6f-4492-4915-b8f8-7492a3b1e4cd,810e96e4-e456-4468-9b59-f4e8f39732c0,efe8e2a3-eace-427b-b4f1-cb8a937ec77d,e9aa9a3e-5b2b-4ac7-a2c7-073de2b2b24f,8bbdbcdd-5cd4-4100-b6d5-b7c9625b6107,50f4348b-c883-4e2f-8f11-ce233b859fa1,fda095cb-831d-4601-ad94-846013963de8,f92806d7-1768-443f-afe8-12bcde84d0f0,dd3a144d-ab7f-41f0-82b8-2e43a090d496,f0416e68-0200-4b77-a926-4f9d16e494da,511d2633-09a7-4bdd-ac42-f778032124b3,5d45aa00-e064-4938-b314-4265f0c2258c,9361fd90-ba52-4f84-aa93-6e878fd576ca,970b0598-bcb0-4714-91fb-2e81440dccd8,bcd64cc6-2dd9-43f6-abbe-66318d332032,d930590d-bb92-4cc8-8bd1-23cd027f9edf,a3cd009f-0ab0-420d-9278-b9fdab939bbc,6a2d0734-bd9e-4ddf-946e-caa52498cb75,c27215d8-6835-4b68-bfbb-bdeac6100c04,b5d6115f-0370-4d7c-aad3-c194cc71cf98,d1346436-ac96-4271-b863-1f4fdead95b0,971bdb23-3ff6-43eb-b422-1c30165a3663,17debcc3-0a6b-4b8a-b00b-dc58b885581e,711ebe11-f673-4cd9-9a83-63c60ba54c5b,c0143906-9aed-447e-9436-2ae8512d1b6e,14da1725-c4c2-42b4-ab08-ee0aeb6898b3,081cab31-dccd-428e-8652-f2404cc81c47,78e0584a-4343-4727-8f37-e14e65c2a2db,ba21476f-2866-4f81-9c4d-6e359316e448,871c3b6c-7379-419d-bda3-794b239ab90d,1d08ef62-a503-4ce2-8b9a-46c90873f7d3,ff9b0199-ce04-4cfe-86cc-6c719f08d6e4,de1c2107-70c8-4021-8459-6399f24d01c6,cbf30902-517f-40dc-af90-a550bac27cf1,5c601d96-e4c7-4698-991b-7ee674b11079
2026-9-9 16:47:48-debug:   Number of all scenes: 1
2026-9-9 16:47:48-debug:   Number of other assets: 334
2026-9-9 16:47:48-debug: Init bundle root assets success..., progress: 13%
2026-9-9 16:47:48-debug: Init bundle root assets success..., progress: 9%
2026-9-9 16:47:48-debug:   Number of all scripts: 8
2026-9-9 16:47:48-debug: reload all scripts.
2026-9-9 16:47:48-log: creating executor ...
2026-9-9 16:47:48-debug: [[Executor]] reload before lock
2026-9-9 16:47:48-debug: Set detail map pack:///resolution-detail-map.json: {}
2026-9-9 16:47:48-debug: C:\Users\yyxkk\Mahjong\temp\programming\packer-driver\targets\editor\chunks\93\93ba276ea7b26ffcdc433fab14afc1ed6f05647b.js resolved to C:\Users\yyxkk\Mahjong\temp\programming\packer-driver\targets\editor\chunks\93\93ba276ea7b26ffcdc433fab14afc1ed6f05647b.js is not in module cache!
2026-9-9 16:47:48-debug: [[Executor]] Module "cce:/internal/x/cc-fu/base" loaded.
2026-9-9 16:47:48-debug: [[Executor]] Module "cce:/internal/x/cc-fu/gfx-webgl2" loaded.
2026-9-9 16:47:48-debug: [[Executor]] Module "cce:/internal/x/cc-fu/gfx-webgl" loaded.
2026-9-9 16:47:48-debug: [[Executor]] Module "cce:/internal/x/cc-fu/gfx-webgpu" loaded.
2026-9-9 16:47:48-debug: [[Executor]] Module "cce:/internal/x/cc-fu/gfx-empty" loaded.
2026-9-9 16:47:48-debug: [[Executor]] Module "cce:/internal/x/cc-fu/3d" loaded.
2026-9-9 16:47:48-debug: [[Executor]] Module "cce:/internal/x/cc-fu/animation" loaded.
2026-9-9 16:47:48-debug: [[Executor]] Module "cce:/internal/x/cc-fu/sorting" loaded.
2026-9-9 16:47:48-debug: [[Executor]] Module "cce:/internal/x/cc-fu/2d" loaded.
2026-9-9 16:47:48-debug: [[Executor]] Module "cce:/internal/x/cc-fu/skeletal-animation" loaded.
2026-9-9 16:47:48-debug: [[Executor]] Module "cce:/internal/x/cc-fu/rich-text" loaded.
2026-9-9 16:47:48-debug: [[Executor]] Module "cce:/internal/x/cc-fu/graphics" loaded.
2026-9-9 16:47:48-debug: [[Executor]] Module "cce:/internal/x/cc-fu/mask" loaded.
2026-9-9 16:47:48-debug: [[Executor]] Module "cce:/internal/x/cc-fu/ui-skew" loaded.
2026-9-9 16:47:48-debug: [[Executor]] Module "cce:/internal/x/cc-fu/affine-transform" loaded.
2026-9-9 16:47:48-debug: [[Executor]] Module "cce:/internal/x/cc-fu/ui" loaded.
2026-9-9 16:47:48-debug: [[Executor]] Module "cce:/internal/x/cc-fu/particle" loaded.
2026-9-9 16:47:48-debug: [[Executor]] Module "cce:/internal/x/cc-fu/sorting-2d" loaded.
2026-9-9 16:47:48-debug: [[Executor]] Module "cce:/internal/x/cc-fu/particle-2d" loaded.
2026-9-9 16:47:48-debug: [[Executor]] Module "cce:/internal/x/cc-fu/physics-framework" loaded.
2026-9-9 16:47:48-debug: [[Executor]] Module "cce:/internal/x/cc-fu/physics-ammo" loaded.
2026-9-9 16:47:48-debug: [[Executor]] Module "cce:/internal/x/cc-fu/physics-physx" loaded.
2026-9-9 16:47:48-debug: [[Executor]] Module "cce:/internal/x/cc-fu/physics-cannon" loaded.
2026-9-9 16:47:48-debug: [[Executor]] Module "cce:/internal/x/cc-fu/physics-2d-box2d-jsb" loaded.
2026-9-9 16:47:48-debug: [[Executor]] Module "cce:/internal/x/cc-fu/physics-builtin" loaded.
2026-9-9 16:47:48-debug: [[Executor]] Module "cce:/internal/x/cc-fu/physics-2d-framework" loaded.
2026-9-9 16:47:48-debug: [[Executor]] Module "cce:/internal/x/cc-fu/physics-2d-box2d-wasm" loaded.
2026-9-9 16:47:48-debug: [[Executor]] Module "cce:/internal/x/cc-fu/physics-2d-box2d" loaded.
2026-9-9 16:47:48-debug: [[Executor]] Module "cce:/internal/x/cc-fu/physics-2d-builtin" loaded.
2026-9-9 16:47:48-debug: [[Executor]] Module "cce:/internal/x/cc-fu/profiler" loaded.
2026-9-9 16:47:48-debug: [[Executor]] Module "cce:/internal/x/cc-fu/intersection-2d" loaded.
2026-9-9 16:47:48-debug: [[Executor]] Module "cce:/internal/x/cc-fu/geometry-renderer" loaded.
2026-9-9 16:47:48-debug: [[Executor]] Module "cce:/internal/x/cc-fu/video" loaded.
2026-9-9 16:47:48-debug: [[Executor]] Module "cce:/internal/x/cc-fu/audio" loaded.
2026-9-9 16:47:48-debug: [[Executor]] Module "cce:/internal/x/cc-fu/primitive" loaded.
2026-9-9 16:47:48-debug: [[Executor]] Module "cce:/internal/x/cc-fu/light-probe" loaded.
2026-9-9 16:47:48-debug: [[Executor]] Module "cce:/internal/x/cc-fu/webview" loaded.
2026-9-9 16:47:48-debug: [[Executor]] Module "cce:/internal/x/cc-fu/terrain" loaded.
2026-9-9 16:47:48-debug: [[Executor]] Module "cce:/internal/x/cc-fu/tiled-map" loaded.
2026-9-9 16:47:48-debug: [[Executor]] Module "cce:/internal/x/cc-fu/vendor-google" loaded.
2026-9-9 16:47:48-debug: [[Executor]] Module "cce:/internal/x/cc-fu/xr" loaded.
2026-9-9 16:47:48-debug: [[Executor]] Module "cce:/internal/x/cc-fu/tween" loaded.
2026-9-9 16:47:48-debug: [[Executor]] Module "cce:/internal/x/cc-fu/dragon-bones" loaded.
2026-9-9 16:47:48-debug: [[Executor]] Module "cce:/internal/x/cc-fu/custom-pipeline" loaded.
2026-9-9 16:47:48-debug: [[Executor]] Module "cce:/internal/x/cc-fu/custom-pipeline-post-process" loaded.
2026-9-9 16:47:48-debug: [[Executor]] Module "cce:/internal/x/cc-fu/spine" loaded.
2026-9-9 16:47:48-debug: [[Executor]] Module "cce:/internal/x/cc-fu/legacy-pipeline" loaded.
2026-9-9 16:47:48-debug: [[Executor]] Module "cce:/internal/x/cc-fu/base" loaded.
2026-9-9 16:47:48-debug: [[Executor]] Module "cce:/internal/x/cc-fu/gfx-webgl2" loaded.
2026-9-9 16:47:48-debug: [[Executor]] Module "cce:/internal/x/cc-fu/gfx-webgpu" loaded.
2026-9-9 16:47:48-debug: [[Executor]] Module "cce:/internal/x/cc-fu/gfx-empty" loaded.
2026-9-9 16:47:48-debug: [[Executor]] Module "cce:/internal/x/cc-fu/gfx-webgl" loaded.
2026-9-9 16:47:48-debug: [[Executor]] Module "cce:/internal/x/cc-fu/skeletal-animation" loaded.
2026-9-9 16:47:48-debug: [[Executor]] Module "cce:/internal/x/cc-fu/2d" loaded.
2026-9-9 16:47:48-debug: [[Executor]] Module "cce:/internal/x/cc-fu/animation" loaded.
2026-9-9 16:47:48-debug: [[Executor]] Module "cce:/internal/x/cc-fu/sorting" loaded.
2026-9-9 16:47:48-debug: [[Executor]] Module "cce:/internal/x/cc-fu/rich-text" loaded.
2026-9-9 16:47:48-debug: [[Executor]] Module "cce:/internal/x/cc-fu/mask" loaded.
2026-9-9 16:47:48-debug: [[Executor]] Module "cce:/internal/x/cc-fu/3d" loaded.
2026-9-9 16:47:48-debug: [[Executor]] Module "cce:/internal/x/cc-fu/graphics" loaded.
2026-9-9 16:47:48-debug: [[Executor]] Module "cce:/internal/x/cc-fu/affine-transform" loaded.
2026-9-9 16:47:48-debug: [[Executor]] Module "cce:/internal/x/cc-fu/ui" loaded.
2026-9-9 16:47:48-debug: [[Executor]] Module "cce:/internal/x/cc-fu/ui-skew" loaded.
2026-9-9 16:47:48-debug: [[Executor]] Module "cce:/internal/x/cc-fu/sorting-2d" loaded.
2026-9-9 16:47:48-debug: [[Executor]] Module "cce:/internal/x/cc-fu/particle-2d" loaded.
2026-9-9 16:47:48-debug: [[Executor]] Module "cce:/internal/x/cc-fu/physics-framework" loaded.
2026-9-9 16:47:48-debug: [[Executor]] Module "cce:/internal/x/cc-fu/physics-physx" loaded.
2026-9-9 16:47:48-debug: [[Executor]] Module "cce:/internal/x/cc-fu/physics-cannon" loaded.
2026-9-9 16:47:48-debug: [[Executor]] Module "cce:/internal/x/cc-fu/physics-builtin" loaded.
2026-9-9 16:47:48-debug: [[Executor]] Module "cce:/internal/x/cc-fu/physics-2d-framework" loaded.
2026-9-9 16:47:48-debug: [[Executor]] Module "cce:/internal/x/cc-fu/particle" loaded.
2026-9-9 16:47:48-debug: [[Executor]] Module "cce:/internal/x/cc-fu/physics-ammo" loaded.
2026-9-9 16:47:48-debug: [[Executor]] Module "cce:/internal/x/cc-fu/physics-2d-box2d" loaded.
2026-9-9 16:47:48-debug: [[Executor]] Module "cce:/internal/x/cc-fu/physics-2d-box2d-wasm" loaded.
2026-9-9 16:47:48-debug: [[Executor]] Module "cce:/internal/x/cc-fu/primitive" loaded.
2026-9-9 16:47:48-debug: [[Executor]] Module "cce:/internal/x/cc-fu/physics-2d-builtin" loaded.
2026-9-9 16:47:48-debug: [[Executor]] Module "cce:/internal/x/cc-fu/geometry-renderer" loaded.
2026-9-9 16:47:48-debug: [[Executor]] Module "cce:/internal/x/cc-fu/profiler" loaded.
2026-9-9 16:47:48-debug: [[Executor]] Module "cce:/internal/x/cc-fu/intersection-2d" loaded.
2026-9-9 16:47:48-debug: [[Executor]] Module "cce:/internal/x/cc-fu/audio" loaded.
2026-9-9 16:47:48-debug: [[Executor]] Module "cce:/internal/x/cc-fu/video" loaded.
2026-9-9 16:47:48-debug: [[Executor]] Module "cce:/internal/x/cc-fu/xr" loaded.
2026-9-9 16:47:48-debug: [[Executor]] Module "cce:/internal/x/cc-fu/light-probe" loaded.
2026-9-9 16:47:48-debug: [[Executor]] Module "cce:/internal/x/cc-fu/terrain" loaded.
2026-9-9 16:47:48-debug: [[Executor]] Module "cce:/internal/x/cc-fu/tiled-map" loaded.
2026-9-9 16:47:48-debug: [[Executor]] Module "cce:/internal/x/cc-fu/webview" loaded.
2026-9-9 16:47:48-debug: [[Executor]] Module "cce:/internal/x/cc-fu/dragon-bones" loaded.
2026-9-9 16:47:48-debug: [[Executor]] Module "cce:/internal/x/cc-fu/tween" loaded.
2026-9-9 16:47:48-debug: [[Executor]] Module "cce:/internal/x/cc-fu/custom-pipeline" loaded.
2026-9-9 16:47:48-debug: [[Executor]] Module "cce:/internal/x/cc-fu/legacy-pipeline" loaded.
2026-9-9 16:47:48-debug: [[Executor]] Module "cce:/internal/x/cc-fu/custom-pipeline-post-process" loaded.
2026-9-9 16:47:48-debug: [[Executor]] Module "cce:/internal/x/cc-fu/vendor-google" loaded.
2026-9-9 16:47:48-debug: [[Executor]] Module "cce:/internal/x/cc-fu/physics-2d-box2d-jsb" loaded.
2026-9-9 16:47:48-debug: [[Executor]] Module "pack:///chunks/93/93ba276ea7b26ffcdc433fab14afc1ed6f05647b.js" loaded.
2026-9-9 16:47:48-debug: [[Executor]] Module "pack:///chunks/93/93ba276ea7b26ffcdc433fab14afc1ed6f05647b.js" loaded.
2026-9-9 16:47:48-debug: Invalidating 'pack:///chunks/93/93ba276ea7b26ffcdc433fab14afc1ed6f05647b.js'
2026-9-9 16:47:48-debug: [[Executor]] Module "cce:/internal/x/cc-fu/spine" loaded.
2026-9-9 16:47:48-debug: C:\Users\yyxkk\Mahjong\temp\programming\packer-driver\targets\editor\chunks\6d\6d8fd2b0177941b032ddc0733af48a561fb60657.js resolved to C:\Users\yyxkk\Mahjong\temp\programming\packer-driver\targets\editor\chunks\6d\6d8fd2b0177941b032ddc0733af48a561fb60657.js is not in module cache!
2026-9-9 16:47:48-debug: [[Executor]] Module "pack:///chunks/6d/6d8fd2b0177941b032ddc0733af48a561fb60657.js" loaded.
2026-9-9 16:47:48-debug: C:\Users\yyxkk\Mahjong\temp\programming\packer-driver\targets\editor\chunks\50\50ec684ab28702df18cf262b25c26ec6d899c3a5.js resolved to C:\Users\yyxkk\Mahjong\temp\programming\packer-driver\targets\editor\chunks\50\50ec684ab28702df18cf262b25c26ec6d899c3a5.js is not in module cache!
2026-9-9 16:47:48-debug: C:\Users\yyxkk\Mahjong\temp\programming\packer-driver\targets\editor\chunks\b1\b18130d786bcadd1d0cb653401afdf2ede79b799.js resolved to C:\Users\yyxkk\Mahjong\temp\programming\packer-driver\targets\editor\chunks\b1\b18130d786bcadd1d0cb653401afdf2ede79b799.js is not in module cache!
2026-9-9 16:47:48-debug: C:\Users\yyxkk\Mahjong\temp\programming\packer-driver\targets\editor\chunks\e2\e2831fde95d58c09916d0f882742b7597544b8d1.js resolved to C:\Users\yyxkk\Mahjong\temp\programming\packer-driver\targets\editor\chunks\e2\e2831fde95d58c09916d0f882742b7597544b8d1.js is not in module cache!
2026-9-9 16:47:48-debug: C:\Users\yyxkk\Mahjong\temp\programming\packer-driver\targets\editor\chunks\6a\6a5019a719a9014c047e67aa1cf34453ab8392ce.js resolved to C:\Users\yyxkk\Mahjong\temp\programming\packer-driver\targets\editor\chunks\6a\6a5019a719a9014c047e67aa1cf34453ab8392ce.js is not in module cache!
2026-9-9 16:47:48-debug: C:\Users\yyxkk\Mahjong\temp\programming\packer-driver\targets\editor\chunks\fd\fd74c742a972dbbcd3691d204a338b19a4515b62.js resolved to C:\Users\yyxkk\Mahjong\temp\programming\packer-driver\targets\editor\chunks\fd\fd74c742a972dbbcd3691d204a338b19a4515b62.js is not in module cache!
2026-9-9 16:47:48-debug: C:\Users\yyxkk\Mahjong\temp\programming\packer-driver\targets\editor\chunks\7d\7dd5f1b51da4ae6cb44c6f9d41d8fc719b109223.js resolved to C:\Users\yyxkk\Mahjong\temp\programming\packer-driver\targets\editor\chunks\7d\7dd5f1b51da4ae6cb44c6f9d41d8fc719b109223.js is not in module cache!
2026-9-9 16:47:48-debug: [[Executor]] Module "cce:/internal/x/engine-export-to-editor/cc/editor/populate-internal-constants" loaded.
2026-9-9 16:47:48-debug: [[Executor]] Module "pack:///chunks/6a/6a5019a719a9014c047e67aa1cf34453ab8392ce.js" loaded.
2026-9-9 16:47:48-debug: [[Executor]] Module "cce:/internal/x/engine-export-to-editor/cc/editor/populate-internal-constants" loaded.
2026-9-9 16:47:48-debug: [[Executor]] Module "pack:///chunks/e2/e2831fde95d58c09916d0f882742b7597544b8d1.js" loaded.
2026-9-9 16:47:48-debug: [[Executor]] Register BuiltinPipelineSettings
2026-9-9 16:47:48-debug: [[Executor]] Module "pack:///chunks/7d/7dd5f1b51da4ae6cb44c6f9d41d8fc719b109223.js" loaded.
2026-9-9 16:47:48-debug: [[Executor]] Register BuiltinPipelinePassBuilder
2026-9-9 16:47:48-debug: [[Executor]] Module "pack:///chunks/fd/fd74c742a972dbbcd3691d204a338b19a4515b62.js" loaded.
2026-9-9 16:47:48-debug: [[Executor]] Module "pack:///chunks/50/50ec684ab28702df18cf262b25c26ec6d899c3a5.js" loaded.
2026-9-9 16:47:48-debug: [[Executor]] Register BuiltinDepthOfFieldPass
2026-9-9 16:47:48-debug: [[Executor]] Module "pack:///chunks/b1/b18130d786bcadd1d0cb653401afdf2ede79b799.js" loaded.
2026-9-9 16:47:48-debug: C:\Users\yyxkk\Mahjong\temp\programming\packer-driver\targets\editor\chunks\62\621a159ce4a7bac550092546e00c97e12458f12b.js resolved to C:\Users\yyxkk\Mahjong\temp\programming\packer-driver\targets\editor\chunks\62\621a159ce4a7bac550092546e00c97e12458f12b.js is not in module cache!
2026-9-9 16:47:48-debug: [[Executor]] Module "pack:///chunks/62/621a159ce4a7bac550092546e00c97e12458f12b.js" loaded.
2026-9-9 16:47:48-debug: [[Executor]] Register DebugViewRuntimeControl
2026-9-9 16:47:48-debug: [[Executor]] Module "pack:///chunks/eb/eb869604fc5fef52903c16a1db01eb9b1c8a0516.js" loaded.
2026-9-9 16:47:48-debug: C:\Users\yyxkk\Mahjong\temp\programming\packer-driver\targets\editor\chunks\eb\eb869604fc5fef52903c16a1db01eb9b1c8a0516.js resolved to C:\Users\yyxkk\Mahjong\temp\programming\packer-driver\targets\editor\chunks\eb\eb869604fc5fef52903c16a1db01eb9b1c8a0516.js is not in module cache!
2026-9-9 16:47:48-debug: [[Executor]] Register AutoSetupBallRigid
2026-9-9 16:47:48-debug: C:\Users\yyxkk\Mahjong\temp\programming\packer-driver\targets\editor\chunks\df\df73d905b573307de27f0d88cd03e2b06ee6cb15.js resolved to C:\Users\yyxkk\Mahjong\temp\programming\packer-driver\targets\editor\chunks\df\df73d905b573307de27f0d88cd03e2b06ee6cb15.js is not in module cache!
2026-9-9 16:47:48-debug: [[Executor]] Register PanShake
2026-9-9 16:47:48-debug: [[Executor]] Module "pack:///chunks/df/df73d905b573307de27f0d88cd03e2b06ee6cb15.js" loaded.
2026-9-9 16:47:48-debug: [[Executor]] Module "pack:///chunks/6d/6d8fd2b0177941b032ddc0733af48a561fb60657.js" loaded.
2026-9-9 16:47:48-debug: [[Executor]] after unlock
2026-9-9 16:47:48-debug: Incremental keys: regeneratorRuntime,b2jsb
2026-9-9 16:47:48-debug: Init bundle share assets start..., progress: 9%
2026-9-9 16:47:48-debug: Init bundle share assets start..., progress: 13%
2026-9-9 16:47:48-debug: Init bundle share assets success..., progress: 9%
2026-9-9 16:47:48-debug: Init bundle share assets success..., progress: 13%
2026-9-9 16:47:48-debug: handle json group in bundle internal
2026-9-9 16:47:48-debug: handle json group in bundle internal success
2026-9-9 16:47:48-debug: handle json group in bundle main
2026-9-9 16:47:48-debug: handle json group in bundle main success
2026-9-9 16:47:48-debug: init image compress task 0 in bundle main
2026-9-9 16:47:48-debug: init image compress task 0 in bundle internal
2026-9-9 16:47:48-debug: // ---- build task Query asset bundle ---- (140ms)
2026-9-9 16:47:48-log: run build task Query asset bundle success in 140 ms√, progress: 14%
2026-9-9 16:47:48-debug: // ---- build task Query asset bundle ----
2026-9-9 16:47:48-debug: [Build Memory track]: Query asset bundle start:240.04MB, end 241.09MB, increase: 1.05MB
2026-9-9 16:47:48-debug: Query asset bundle start, progress: 14%
2026-9-9 16:47:48-debug: // ---- build task Query asset bundle ---- (17ms)
2026-9-9 16:47:48-log: run build task Query asset bundle success in 17 ms√, progress: 19%
2026-9-9 16:47:48-debug: Build script start, progress: 19%
2026-9-9 16:47:48-debug: [Build Memory track]: Query asset bundle start:241.13MB, end 241.28MB, increase: 147.45KB
2026-9-9 16:47:48-debug: // ---- build task Build script ----
2026-9-9 16:47:48-log: [buildPolyfillsCommand]enter sub process 25176, 9229, see: chrome://inspect/#devices
2026-9-9 16:47:51-debug: execute-script-end with buildPolyfillsCommand 3683ms
2026-9-9 16:47:51-debug: Generate systemJs..., progress: 19%
2026-9-9 16:47:54-debug: execute-script-end with buildSystemJsCommand 2541ms
2026-9-9 16:47:54-debug: Build project script start..., progress: 19%
2026-9-9 16:47:54-debug: Build project script start..., progress: 13%
2026-9-9 16:47:56-log: [buildScriptCommand]Number of non-entry chunks: 2
2026-9-9 16:47:56-debug: execute-script-end with buildScriptCommand 2136ms
2026-9-9 16:47:56-debug: Copy externalScripts success!
2026-9-9 16:47:56-debug: Build project script in (2205 ms) √, progress: 19%
2026-9-9 16:47:56-debug: Build project script in (2205 ms) √, progress: 13%
2026-9-9 16:47:56-debug: Build engine start..., progress: 19%
2026-9-9 16:47:56-debug: mangleProperties is enabled, found engine-mangle-config.json, use it
2026-9-9 16:47:56-debug: Engine cache (C:\Users\yyxkk\AppData\Local\Temp\CocosCreator\3.8.8\builder\engine\af6f411f5f5a6e9696cace82afdf0763) does not exist.
2026-9-9 16:47:56-debug: mangleProperties is disabled, platform: WECHAT
2026-9-9 16:47:56-debug: md5String: debug=false,sourceMaps=false,includeModules=["2d","3d","affine-transform","animation","audio","base","custom-pipeline","dragon-bones","gfx-webgl","graphics","intersection-2d","light-probe","marionette","mask","particle","particle-2d","physics-2d-box2d","physics-ammo","primitive","profiler","rich-text","skeletal-animation","spine-3.8","terrain","tiled-map","tween","ui","ui-skew","video","websocket","webview","custom-pipeline-builtin-scripts"],engineVersion="3.8.8",platformType="WECHAT",split=undefined,nativeCodeBundleMode="wasm",targets=undefined,entry="C:\\ProgramData\\cocos\\editors\\Creator\\3.8.8\\resources\\resources\\3d\\engine",noDeprecatedFeatures=undefined,loose=true,assetURLFormat="relative-from-out",flags={"DEBUG":false,"LOAD_BULLET_MANUALLY":false,"LOAD_SPINE_MANUALLY":false},preserveType=undefined,wasmCompressionMode=false,enableNamedRegisterForSystemJSModuleFormat=undefined,mangleProperties=false,inlineEnum=true,
2026-9-9 16:47:56-debug: Cache is invalid, start build engine with options: {  "incremental": "C:\\Users\\yyxkk\\AppData\\Local\\Temp\\CocosCreator\\3.8.8\\builder\\engine\\af6f411f5f5a6e9696cace82afdf0763.watch-files.json",  "engine": "C:\\ProgramData\\cocos\\editors\\Creator\\3.8.8\\resources\\resources\\3d\\engine",  "out": "C:\\Users\\yyxkk\\AppData\\Local\\Temp\\CocosCreator\\3.8.8\\builder\\engine\\af6f411f5f5a6e9696cace82afdf0763",  "moduleFormat": "system",  "compress": true,  "nativeCodeBundleMode": "wasm",  "assetURLFormat": "relative-from-out",  "sourceMap": false,  "loose": true,  "features": [    "2d",    "3d",    "affine-transform",    "animation",    "audio",    "base",    "custom-pipeline",    "dragon-bones",    "gfx-webgl",    "graphics",    "intersection-2d",    "light-probe",    "marionette",    "mask",    "particle",    "particle-2d",    "physics-2d-box2d",    "physics-ammo",    "primitive",    "profiler",    "rich-text",    "skeletal-animation",    "spine-3.8",    "terrain",    "tiled-map",    "tween",    "ui",    "ui-skew",    "video",    "websocket",    "webview",    "custom-pipeline-builtin-scripts"  ],  "platform": "WECHAT",  "flags": {    "DEBUG": false,    "LOAD_BULLET_MANUALLY": false,    "LOAD_SPINE_MANUALLY": false  },  "mode": "BUILD",  "metaFile": "C:\\Users\\yyxkk\\AppData\\Local\\Temp\\CocosCreator\\3.8.8\\builder\\engine\\af6f411f5f5a6e9696cace82afdf0763.meta\\meta.json",  "wasmCompressionMode": false,  "inlineEnum": true,  "mangleProperties": false,  "mangleConfigJsonMtime": 0}
2026-9-9 16:47:56-debug: Error: Exit process with code:null, signal:SIGTERM in task build-script    at ChildProcess.<anonymous> (C:\ProgramData\cocos\editors\Creator\3.8.8\resources\app.asar\builtin\builder\dist\worker\worker-pools\sub-process-manager.ccc:1:2409)    at ChildProcess.emit (node:events:519:28)    at Process.ChildProcess._handle.onexit (node:internal/child_process:294:12)
2026-9-9 16:47:57-log: The asset database is locked, asset operations(refresh) will delay response, please wait a moment.
2026-9-9 16:47:57-log: [buildEngineCommand]enter sub process 660, 9229, see: chrome://inspect/#devices
2026-9-9 16:47:58-log: [buildEngineCommand]start build engine with options: {"engine":"C:\\ProgramData\\cocos\\editors\\Creator\\3.8.8\\resources\\resources\\3d\\engine","out":"C:\\Users\\yyxkk\\AppData\\Local\\Temp\\CocosCreator\\3.8.8\\builder\\engine\\af6f411f5f5a6e9696cace82afdf0763","platform":"WECHAT","moduleFormat":"system","compress":true,"split":false,"nativeCodeBundleMode":"wasm","assetURLFormat":"relative-from-out","noDeprecatedFeatures":false,"sourceMap":false,"features":["2d","3d","affine-transform","animation","audio","base","custom-pipeline","dragon-bones","gfx-webgl","graphics","intersection-2d","light-probe","marionette","mask","particle","particle-2d","physics-2d-box2d","physics-ammo","primitive","profiler","rich-text","skeletal-animation","spine-3.8","terrain","tiled-map","tween","ui","ui-skew","video","websocket","webview","custom-pipeline-builtin-scripts"],"loose":true,"mode":"BUILD","flags":{"DEBUG":false,"LOAD_BULLET_MANUALLY":false,"LOAD_SPINE_MANUALLY":false},"metaFile":"C:\\Users\\yyxkk\\AppData\\Local\\Temp\\CocosCreator\\3.8.8\\builder\\engine\\af6f411f5f5a6e9696cace82afdf0763.meta\\meta.json","mangleProperties":false,"inlineEnum":true,"incremental":"C:\\Users\\yyxkk\\AppData\\Local\\Temp\\CocosCreator\\3.8.8\\builder\\engine\\af6f411f5f5a6e9696cace82afdf0763.watch-files.json","wasmCompressionMode":false,"mangleConfigJsonMtime":0}
2026-9-9 16:47:58-log: [buildEngineCommand]Module source "internal-constants":function tryDefineGlobal (name, value) {    const _global = typeof window === 'undefined' ? global : window;    if (typeof _global[name] === 'undefined') {        return (_global[name] = value);    } else {        // eslint-disable-next-line @typescript-eslint/no-unsafe-return        return _global[name];    }}export const HTML5 = false;export const NATIVE = false;export const ANDROID = false;export const IOS = false;export const MAC = false;export const WINDOWS = false;export const LINUX = false;export const OHOS = false;export const OPEN_HARMONY = false;export const WECHAT = true;tryDefineGlobal('CC_WECHAT', true);export const WECHAT_MINI_PROGRAM = false;export const XIAOMI = false;tryDefineGlobal('CC_XIAOMI', false);export const ALIPAY = false;tryDefineGlobal('CC_ALIPAY', false);export const TAOBAO = false;export const TAOBAO_MINIGAME = false;export const BYTEDANCE = false;tryDefineGlobal('CC_BYTEDANCE', false);export const OPPO = false;tryDefineGlobal('CC_OPPO', false);export const VIVO = false;tryDefineGlobal('CC_VIVO', false);export const HUAWEI = false;tryDefineGlobal('CC_HUAWEI', false);export const MIGU = false;tryDefineGlobal('CC_MIGU', false);export const HONOR = false;tryDefineGlobal('CC_HONOR', false);export const COCOS_RUNTIME = false;tryDefineGlobal('CC_COCOS_RUNTIME', false);export const EDITOR = false;tryDefineGlobal('CC_EDITOR', false);export const EDITOR_NOT_IN_PREVIEW = false;export const PREVIEW = false;tryDefineGlobal('CC_PREVIEW', false);export const BUILD = true;tryDefineGlobal('CC_BUILD', true);export const TEST = false;tryDefineGlobal('CC_TEST', false);export const DEBUG = false;tryDefineGlobal('CC_DEBUG', false);export const SERVER_MODE = false;export const DEV = false;tryDefineGlobal('CC_DEV', false);export const MINIGAME = true;tryDefineGlobal('CC_MINIGAME', true);export const RUNTIME_BASED = false;tryDefineGlobal('CC_RUNTIME_BASED', false);export const SUPPORT_JIT = false;tryDefineGlobal('CC_SUPPORT_JIT', false);export const JSB = false;tryDefineGlobal('CC_JSB', false);export const NOT_PACK_PHYSX_LIBS = false;export const NET_MODE = 0;export const WEBGPU = false;export const NATIVE_CODE_BUNDLE_MODE = 1;export const WASM_SUBPACKAGE = false;export const CULL_MESHOPT = true;export const LOAD_SPINE_MANUALLY = false;export const LOAD_BOX2D_MANUALLY = false;export const LOAD_BULLET_MANUALLY = false;export const LOAD_PHYSX_MANUALLY = false;export const USE_3D = true;export const USE_UI_SKEW = true;export const USE_XR = false;export const USE_SORTING_2D = false;
2026-9-9 16:47:58-log: [buildEngineCommand]Module source "cc":export * from 'C:\\ProgramData\\cocos\\editors\\Creator\\3.8.8\\resources\\resources\\3d\\engine\\exports\\2d.ts';export * from 'C:\\ProgramData\\cocos\\editors\\Creator\\3.8.8\\resources\\resources\\3d\\engine\\exports\\sorting.ts';export * from 'C:\\ProgramData\\cocos\\editors\\Creator\\3.8.8\\resources\\resources\\3d\\engine\\exports\\3d.ts';export * from 'C:\\ProgramData\\cocos\\editors\\Creator\\3.8.8\\resources\\resources\\3d\\engine\\exports\\affine-transform.ts';export * from 'C:\\ProgramData\\cocos\\editors\\Creator\\3.8.8\\resources\\resources\\3d\\engine\\exports\\animation.ts';export * from 'C:\\ProgramData\\cocos\\editors\\Creator\\3.8.8\\resources\\resources\\3d\\engine\\exports\\audio.ts';export * from 'C:\\ProgramData\\cocos\\editors\\Creator\\3.8.8\\resources\\resources\\3d\\engine\\exports\\base.ts';export * from 'C:\\ProgramData\\cocos\\editors\\Creator\\3.8.8\\resources\\resources\\3d\\engine\\exports\\custom-pipeline.ts';export * from 'C:\\ProgramData\\cocos\\editors\\Creator\\3.8.8\\resources\\resources\\3d\\engine\\exports\\dragon-bones.ts';export * from 'C:\\ProgramData\\cocos\\editors\\Creator\\3.8.8\\resources\\resources\\3d\\engine\\exports\\gfx-webgl.ts';export * from 'C:\\ProgramData\\cocos\\editors\\Creator\\3.8.8\\resources\\resources\\3d\\engine\\exports\\graphics.ts';export * from 'C:\\ProgramData\\cocos\\editors\\Creator\\3.8.8\\resources\\resources\\3d\\engine\\exports\\intersection-2d.ts';export * from 'C:\\ProgramData\\cocos\\editors\\Creator\\3.8.8\\resources\\resources\\3d\\engine\\exports\\light-probe.ts';export * from 'C:\\ProgramData\\cocos\\editors\\Creator\\3.8.8\\resources\\resources\\3d\\engine\\exports\\mask.ts';export * from 'C:\\ProgramData\\cocos\\editors\\Creator\\3.8.8\\resources\\resources\\3d\\engine\\exports\\particle.ts';export * from 'C:\\ProgramData\\cocos\\editors\\Creator\\3.8.8\\resources\\resources\\3d\\engine\\exports\\particle-2d.ts';export * from 'C:\\ProgramData\\cocos\\editors\\Creator\\3.8.8\\resources\\resources\\3d\\engine\\exports\\physics-2d-box2d.ts';export * from 'C:\\ProgramData\\cocos\\editors\\Creator\\3.8.8\\resources\\resources\\3d\\engine\\exports\\physics-2d-framework.ts';export * from 'C:\\ProgramData\\cocos\\editors\\Creator\\3.8.8\\resources\\resources\\3d\\engine\\exports\\physics-ammo.ts';export * from 'C:\\ProgramData\\cocos\\editors\\Creator\\3.8.8\\resources\\resources\\3d\\engine\\exports\\physics-framework.ts';export * from 'C:\\ProgramData\\cocos\\editors\\Creator\\3.8.8\\resources\\resources\\3d\\engine\\exports\\primitive.ts';export * from 'C:\\ProgramData\\cocos\\editors\\Creator\\3.8.8\\resources\\resources\\3d\\engine\\exports\\profiler.ts';export * from 'C:\\ProgramData\\cocos\\editors\\Creator\\3.8.8\\resources\\resources\\3d\\engine\\exports\\rich-text.ts';export * from 'C:\\ProgramData\\cocos\\editors\\Creator\\3.8.8\\resources\\resources\\3d\\engine\\exports\\skeletal-animation.ts';export * from 'C:\\ProgramData\\cocos\\editors\\Creator\\3.8.8\\resources\\resources\\3d\\engine\\exports\\spine.ts';export * from 'C:\\ProgramData\\cocos\\editors\\Creator\\3.8.8\\resources\\resources\\3d\\engine\\exports\\terrain.ts';export * from 'C:\\ProgramData\\cocos\\editors\\Creator\\3.8.8\\resources\\resources\\3d\\engine\\exports\\tiled-map.ts';export * from 'C:\\ProgramData\\cocos\\editors\\Creator\\3.8.8\\resources\\resources\\3d\\engine\\exports\\tween.ts';export * from 'C:\\ProgramData\\cocos\\editors\\Creator\\3.8.8\\resources\\resources\\3d\\engine\\exports\\ui.ts';export * from 'C:\\ProgramData\\cocos\\editors\\Creator\\3.8.8\\resources\\resources\\3d\\engine\\exports\\ui-skew.ts';export * from 'C:\\ProgramData\\cocos\\editors\\Creator\\3.8.8\\resources\\resources\\3d\\engine\\exports\\video.ts';export * from 'C:\\ProgramData\\cocos\\editors\\Creator\\3.8.8\\resources\\resources\\3d\\engine\\exports\\webview.ts';
2026-9-9 16:48:04-log: The asset database is locked, asset operations(refresh) will delay response, please wait a moment.
2026-9-9 16:48:15-log: The asset database is locked, asset operations(refresh) will delay response, please wait a moment.
2026-9-9 16:48:16-log: The asset database is locked, asset operations(refresh) will delay response, please wait a moment.
2026-9-9 16:48:21-log: The asset database is locked, asset operations(refresh) will delay response, please wait a moment.
2026-9-9 16:48:33-log: [buildEngineCommand]Redirect module internal:native to C:\ProgramData\cocos\editors\Creator\3.8.8\resources\resources\3d\engine\cocos\native-binding\impl.ts
2026-9-9 16:48:35-log: [buildEngineCommand]Redirect module C:\ProgramData\cocos\editors\Creator\3.8.8\resources\resources\3d\engine\cocos\2d\renderer\native-2d.ts to C:\ProgramData\cocos\editors\Creator\3.8.8\resources\resources\3d\engine\cocos\2d\renderer\native-2d-empty.ts
2026-9-9 16:48:36-log: [buildEngineCommand]Redirect module C:\ProgramData\cocos\editors\Creator\3.8.8\resources\resources\3d\engine\cocos\spine\lib\spine-version.ts to C:\ProgramData\cocos\editors\Creator\3.8.8\resources\resources\3d\engine\cocos\spine\lib\spine-version-3.8.ts
2026-9-9 16:48:37-log: [buildEngineCommand]Redirect module pal/audio to C:\ProgramData\cocos\editors\Creator\3.8.8\resources\resources\3d\engine\pal\audio\minigame\player.ts
2026-9-9 16:48:38-log: [buildEngineCommand]Redirect module pal/screen-adapter to C:\ProgramData\cocos\editors\Creator\3.8.8\resources\resources\3d\engine\pal\screen-adapter\minigame\screen-adapter.ts
2026-9-9 16:48:39-log: [buildEngineCommand]Redirect module pal/system-info to C:\ProgramData\cocos\editors\Creator\3.8.8\resources\resources\3d\engine\pal\system-info\minigame\system-info.tsRedirect module pal/env to C:\ProgramData\cocos\editors\Creator\3.8.8\resources\resources\3d\engine\pal\env\minigame\env.tsRedirect module pal/pacer to C:\ProgramData\cocos\editors\Creator\3.8.8\resources\resources\3d\engine\pal\pacer\pacer-minigame.ts
2026-9-9 16:48:40-log: [buildEngineCommand]Redirect module pal/input to C:\ProgramData\cocos\editors\Creator\3.8.8\resources\resources\3d\engine\pal\input\minigame\index.ts
2026-9-9 16:48:41-log: [buildEngineCommand]Redirect module pal/wasm to C:\ProgramData\cocos\editors\Creator\3.8.8\resources\resources\3d\engine\pal\wasm\wasm-minigame.ts
2026-9-9 16:48:42-log: [buildEngineCommand]Redirect module pal/minigame to C:\ProgramData\cocos\editors\Creator\3.8.8\resources\resources\3d\engine\pal\minigame\wechat.ts
2026-9-9 16:48:42-log: [buildEngineCommand]Redirect module C:\ProgramData\cocos\editors\Creator\3.8.8\resources\resources\3d\engine\cocos\spine\lib\spine-instantiate.ts to C:\ProgramData\cocos\editors\Creator\3.8.8\resources\resources\3d\engine\cocos\spine\lib\spine-instantiate-3.8.ts
2026-9-9 16:48:43-log: [buildEngineCommand]Redirect module C:\ProgramData\cocos\editors\Creator\3.8.8\resources\resources\3d\engine\cocos\animation\marionette\pose-graph\runtime-exports.ts to C:\ProgramData\cocos\editors\Creator\3.8.8\resources\resources\3d\engine\cocos\animation\marionette\pose-graph\runtime-exports-empty.ts
2026-9-9 16:48:46-log: The asset database is locked, asset operations(refresh) will delay response, please wait a moment.
2026-9-9 16:48:46-log: [buildEngineCommand]Rollup warning 'THIS_IS_UNDEFINED' is omitted for C:\ProgramData\cocos\editors\Creator\3.8.8\resources\resources\3d\engine\node_modules\@cocos\dragonbones-js\out\dragonBones.js
2026-9-9 16:48:46-log: [buildEngineCommand]Rollup warning 'THIS_IS_UNDEFINED' is omitted for C:\ProgramData\cocos\editors\Creator\3.8.8\resources\resources\3d\engine\node_modules\@cocos\dragonbones-js\out\dragonBones.js
2026-9-9 16:48:51-log: [buildEngineCommand]==== Performance ====
2026-9-9 16:48:51-log: [buildEngineCommand]{"# BUILD":[39623.6655,1682804160,1856269604],"## initialize":[17326.201699999998,422498208,596186184],"- plugin 6 (node-resolve) - buildStart":[0.09839999999894644,-343360,173498096],"- plugin 8 (commonjs) - buildStart":[0.02959999999984575,3312,173502252],"- plugin 9 (@cocos/typescript) - buildStart":[17325.8137,422681536,596184192],"## generate module graph":[19765.7765,1172923888,1769110660],"- plugin 0 (commonjs--resolver) - resolveId":[23.109899999770278,5021364,1767835320],"- plugin 1 (@cocos/ccbuild|external-loader) - resolveId":[8.23499999962587,2139116,1767837020],"- plugin 2 (@cocos/ccbuild|module-overrides) - resolveId":[9.953999999946973,1019284,1767842564],"- plugin 3 (virtual) - resolveId":[23.684099999525642,2622248,1767844344],"- plugin 1 (@cocos/ccbuild|external-loader) - load":[2.3390000000108557,714696,1767170400],"- plugin 2 (@cocos/ccbuild|module-overrides) - load":[7.398999999972148,564616,1767171564],"- plugin 3 (virtual) - load":[1.5799000000442902,-463596,1767172080],"- plugin 7 (json) - transform":[5.855900000064139,770612,1767176424],"- plugin 8 (commonjs) - transform":[140.27570000003107,10621960,1767177724],"- plugin 10 (babel) - transform":[138.2445999999254,14984408,1767873252],"generate ast":[1021.634199999975,116750144,1768615052],"- plugin 4 (@cocos/ccbuild|module-query-plugin) - resolveId":[13.04900000014095,4178472,1767882508],"- plugin 5 (ts-paths) - resolveId":[6.935700000216457,967788,1767967488],"- plugin 9 (@cocos/typescript) - resolveId":[2011.0433999997294,160287324,1768071048],"- plugin 10 (babel) - resolveId":[2.049299999853247,296344,1768085516],"- plugin 6 (node-resolve) - resolveId":[5.159800000012183,630868,1643276248],"- plugin 6 (node-resolve) - load":[1.462800000081188,174064,1767172584],"- plugin 8 (commonjs) - load":[1.9338999999417865,226860,1767173568],"- plugin 9 (@cocos/typescript) - load":[26.558000000070024,5598880,1645756224],"- plugin 10 (babel) - load":[161.39199999999255,5365900,1645786892],"## sort and bind modules":[186.8695000000007,11833212,1780943944],"## mark included statements":[2333.2713000000003,74794456,1855738432],"treeshaking pass 1":[891.2525999999998,64852340,1846084056],"treeshaking pass 2":[379.9007000000056,6131196,1852215284],"treeshaking pass 3":[165.1895000000004,4813452,1857028768],"treeshaking pass 4":[124.58540000000357,-5037276,1851991524],"treeshaking pass 5":[129.20420000000013,3105648,1855097204],"treeshaking pass 6":[105.51840000000084,4985180,1860082416],"treeshaking pass 7":[97.76840000000084,-1110880,1858971568],"treeshaking pass 8":[93.54409999999916,-4444936,1854526664],"treeshaking pass 9":[87.69759999999951,2117472,1856644168],"treeshaking pass 10":[82.83860000000277,29600,1856673800],"treeshaking pass 11":[86.32229999999981,-462656,1856211176],"treeshaking pass 12":[88.41019999999844,-473040,1855738168],"- plugin 8 (commonjs) - buildEnd":[0.00909999999566935,244,1855741116],"- plugin 9 (@cocos/typescript) - buildEnd":[11.234600000003411,527412,1856268560]}====             ====
2026-9-9 16:49:02-log: The asset database is locked, asset operations(refresh) will delay response, please wait a moment.
2026-9-9 16:49:07-debug: execute-script-end with buildEngineCommand 70350ms
2026-9-9 16:49:07-debug: build engine done: output: C:\Users\yyxkk\AppData\Local\Temp\CocosCreator\3.8.8\builder\engine\af6f411f5f5a6e9696cace82afdf0763
2026-9-9 16:49:07-log: The asset database is locked, asset operations(refresh) will delay response, please wait a moment.
2026-9-9 16:49:07-debug: Copy plugin script ..., progress: 19%
2026-9-9 16:49:07-debug: Build engine in (70465 ms) √, progress: 19%
2026-9-9 16:49:07-debug: Generate import-map..., progress: 19%
2026-9-9 16:49:07-log: run build task Build script success in 1 min 19 s√, progress: 24%
2026-9-9 16:49:07-debug: [Build Memory track]: Build script start:241.40MB, end 225.25MB, increase: -16541.23KB
2026-9-9 16:49:07-debug: Build Assets start, progress: 24%
2026-9-9 16:49:07-debug: // ---- build task Build Assets ----
2026-9-9 16:49:07-debug: Build bundles..., progress: 24%
2026-9-9 16:49:07-debug: Pack Images start, progress: 13%
2026-9-9 16:49:07-debug: // ---- build task Build script ---- (79014ms)
2026-9-9 16:49:07-debug: Pack Images start, progress: 24%
2026-9-9 16:49:07-debug: Compress image start..., progress: 13%
2026-9-9 16:49:07-debug: Number of pac assets: 1
2026-9-9 16:49:07-debug: Compress image start..., progress: 24%
2026-9-9 16:49:07-debug: No pack results
2026-9-9 16:49:07-debug: No image need to compress
2026-9-9 16:49:07-debug: Compress image success..., progress: 13%
2026-9-9 16:49:07-debug: Output asset in bundles start, progress: 24%
2026-9-9 16:49:07-debug: Output asset in bundles start, progress: 13%
2026-9-9 16:49:07-debug: Num of all image compress task 0, really: 0, configTasks: 0
2026-9-9 16:49:07-debug: Compress image success..., progress: 24%
2026-9-9 16:49:07-debug: handle json group
2026-9-9 16:49:07-debug: Handle all json groups in bundle internal
2026-9-9 16:49:07-debug: sort compress task {}
2026-9-9 16:49:07-debug: Handle all json groups in bundle main
2026-9-9 16:49:07-debug: handle json group
2026-9-9 16:49:07-debug: Error: Exit process with code:null, signal:SIGTERM in task build-engine    at ChildProcess.<anonymous> (C:\ProgramData\cocos\editors\Creator\3.8.8\resources\app.asar\builtin\builder\dist\worker\worker-pools\sub-process-manager.ccc:1:2409)    at ChildProcess.emit (node:events:519:28)    at Process.ChildProcess._handle.onexit (node:internal/child_process:294:12)
2026-9-9 16:49:07-debug: Json group(0699aaa4c) compile success，json number: 6
2026-9-9 16:49:07-debug: Json group(05a75c8cc) compile success，json number: 6
2026-9-9 16:49:07-debug: handle single json
2026-9-9 16:49:07-debug: handle single json
2026-9-9 16:49:07-debug: Json group(07d3aae9f) compile success，json number: 6
2026-9-9 16:49:07-debug: Output asset in bundles success, progress: 24%
2026-9-9 16:49:07-debug: Output asset in bundles success, progress: 13%
2026-9-9 16:49:07-debug: Output asset in bundles start, progress: 24%
2026-9-9 16:49:07-debug: compress config of bundle internal...
2026-9-9 16:49:07-debug: Output asset in bundles start, progress: 13%
2026-9-9 16:49:07-debug: compress config of bundle main success
2026-9-9 16:49:07-debug: output config of bundle internal
2026-9-9 16:49:07-debug: compress config of bundle internal success
2026-9-9 16:49:07-debug: output config of bundle main
2026-9-9 16:49:07-debug: output config of bundle main success
2026-9-9 16:49:07-debug: compress config of bundle main...
2026-9-9 16:49:07-debug: output config of bundle internal success
2026-9-9 16:49:07-debug: Output asset in bundles success, progress: 24%
2026-9-9 16:49:07-debug: Output asset in bundles success, progress: 13%
2026-9-9 16:49:07-debug: // ---- build task Build Assets ---- (285ms)
2026-9-9 16:49:07-debug: [Build Memory track]: Build Assets start:225.30MB, end 229.83MB, increase: 4.54MB
2026-9-9 16:49:07-debug: wechatgame:(onAfterBundleBuildTask) start..., progress: 29%
2026-9-9 16:49:07-log: run build task Build Assets success in 285 ms√, progress: 29%
2026-9-9 16:49:07-debug: wechatgame:(onAfterBundleBuildTask) start..., progress: 13%
2026-9-9 16:49:07-debug: // ---- build task wechatgame：onAfterBundleBuildTask ----
2026-9-9 16:49:07-debug: // ---- build task wechatgame：onAfterBundleBuildTask ---- (19ms)
2026-9-9 16:49:07-debug: wechatgame:(onAfterBundleBuildTask) in 19 ms ✓, progress: 29%
2026-9-9 16:49:07-debug: // ---- build task wechatgame：onAfterBuildAssets ----
2026-9-9 16:49:07-debug: wechatgame:(onAfterBundleBuildTask) in 19 ms ✓, progress: 20%
2026-9-9 16:49:07-debug: wechatgame:(onAfterBuildAssets) start..., progress: 29%
2026-9-9 16:49:07-debug: // ---- build task wechatgame：onAfterBuildAssets ---- (17ms)
2026-9-9 16:49:07-debug: Sort some build options to settings.json start, progress: 31%
2026-9-9 16:49:07-debug: wechatgame:(onAfterBuildAssets) in 17 ms ✓, progress: 31%
2026-9-9 16:49:07-debug: // ---- build task Sort some build options to settings.json ----
2026-9-9 16:49:07-debug: // ---- build task Sort some build options to settings.json ---- (18ms)
2026-9-9 16:49:07-debug: [Build Memory track]: Sort some build options to settings.json start:230.14MB, end 230.23MB, increase: 86.89KB
2026-9-9 16:49:07-debug: // ---- build task Fill script data to settings ----
2026-9-9 16:49:07-log: run build task Sort some build options to settings.json success in 18 ms√, progress: 33%
2026-9-9 16:49:07-debug: Fill script data to settings start, progress: 33%
2026-9-9 16:49:07-debug: // ---- build task Fill script data to settings ---- (18ms)
2026-9-9 16:49:07-log: run build task Fill script data to settings success in 18 ms√, progress: 34%
2026-9-9 16:49:07-debug: Sort some build options to settings.json start, progress: 34%
2026-9-9 16:49:07-debug: // ---- build task Sort some build options to settings.json ----
2026-9-9 16:49:07-debug: [Build Memory track]: Fill script data to settings start:230.27MB, end 230.33MB, increase: 67.45KB
2026-9-9 16:49:07-debug: // ---- build task Sort some build options to settings.json ---- (25ms)
2026-9-9 16:49:07-log: run build task Sort some build options to settings.json success in 25 ms√, progress: 36%
2026-9-9 16:49:07-debug: // ---- build task wechatgame：onBeforeCompressSettings ----
2026-9-9 16:49:07-debug: wechatgame:(onBeforeCompressSettings) start..., progress: 36%
2026-9-9 16:49:07-debug: [Build Memory track]: Sort some build options to settings.json start:230.39MB, end 230.56MB, increase: 178.36KB
2026-9-9 16:49:07-debug: // ---- build task wechatgame：onBeforeCompressSettings ---- (19ms)
2026-9-9 16:49:07-debug: wechatgame:(onBeforeCompressSettings) in 19 ms ✓, progress: 38%
2026-9-9 16:49:07-debug: // ---- build task cocos-service：onBeforeCompressSettings ----
2026-9-9 16:49:07-debug: cocos-service:(onBeforeCompressSettings) start..., progress: 38%
2026-9-9 16:49:07-debug: // ---- build task cocos-service：onBeforeCompressSettings ---- (139ms)
2026-9-9 16:49:07-debug: // ---- build task Sort build template ----
2026-9-9 16:49:07-debug: cocos-service:(onBeforeCompressSettings) in 139 ms ✓, progress: 40%
2026-9-9 16:49:07-debug: Sort build template start, progress: 40%
2026-9-9 16:49:07-log: run build task Sort build template success in 95 ms√, progress: 45%
2026-9-9 16:49:07-debug: [Build Memory track]: Sort build template start:230.84MB, end 229.34MB, increase: -1535.58KB
2026-9-9 16:49:07-debug: // ---- build task Sort build template ---- (95ms)
2026-9-9 16:49:07-debug: cocos-service:(onAfterCompressSettings) start..., progress: 45%
2026-9-9 16:49:07-debug: // ---- build task cocos-service：onAfterCompressSettings ----
2026-9-9 16:49:08-debug: cocos-service:(onAfterCompressSettings) in 75 ms ✓, progress: 46%
2026-9-9 16:49:08-debug: // ---- build task cocos-service：onAfterCompressSettings ---- (75ms)
2026-9-9 16:49:08-debug: wechatgame:(onBeforeCopyBuildTemplate) start..., progress: 46%
2026-9-9 16:49:08-debug: // ---- build task wechatgame：onBeforeCopyBuildTemplate ----
2026-9-9 16:49:08-debug: // ---- build task wechatgame：onBeforeCopyBuildTemplate ---- (33ms)
2026-9-9 16:49:08-debug: // ---- build task wechatgame：onAfterCopyBuildTemplate ----
2026-9-9 16:49:08-debug: wechatgame:(onBeforeCopyBuildTemplate) in 33 ms ✓, progress: 48%
2026-9-9 16:49:08-debug: wechatgame:(onAfterCopyBuildTemplate) start..., progress: 48%
2026-9-9 16:49:08-debug: // ---- build task wechatgame：onAfterCopyBuildTemplate ---- (31ms)
2026-9-9 16:49:08-debug: Add md5 suffix to assets start, progress: 50%
2026-9-9 16:49:08-debug: // ---- build task Add md5 suffix to assets ----
2026-9-9 16:49:08-debug: wechatgame:(onAfterCopyBuildTemplate) in 31 ms ✓, progress: 50%
2026-9-9 16:49:08-debug: // ---- build task Add md5 suffix to assets ---- (16ms)
2026-9-9 16:49:08-log: run build task Add md5 suffix to assets success in 16 ms√, progress: 60%
2026-9-9 16:49:08-debug: wechatgame:(onAfterBuild) start..., progress: 60%
2026-9-9 16:49:08-debug: [Build Memory track]: Add md5 suffix to assets start:229.98MB, end 230.05MB, increase: 65.58KB
2026-9-9 16:49:08-debug: // ---- build task wechatgame：onAfterBuild ----
2026-9-9 16:49:08-debug: // ---- build task wechatgame：onAfterBuild ---- (238ms)
2026-9-9 16:49:08-debug: wechatgame:(onAfterBuild) in 238 ms ✓, progress: 62%
2026-9-9 16:49:08-debug: // ---- build task cocos-service：onAfterBuild ----
2026-9-9 16:49:08-debug: cocos-service:(onAfterBuild) start..., progress: 62%
2026-9-9 16:49:08-debug: // ---- build task cocos-service：onAfterBuild ---- (70ms)
2026-9-9 16:49:08-debug: cocos-service:(onAfterBuild) in 70 ms ✓, progress: 64%
2026-9-9 16:49:08-debug: adsense-h5g-plugin:(onAfterBuild) start..., progress: 64%
2026-9-9 16:49:08-debug: // ---- build task adsense-h5g-plugin：onAfterBuild ----
2026-9-9 16:49:08-debug: // ---- build task adsense-h5g-plugin：onAfterBuild ---- (16ms)
2026-9-9 16:49:08-debug: adsense-h5g-plugin:(onAfterBuild) in 16 ms ✓, progress: 65%
2026-9-9 16:49:08-log: Asset DB is resume!
2026-9-9 16:49:08-debug: builder:build-project-total (83985ms)
2026-9-9 16:49:08-debug: build task(wechatgame) in 83985!
2026-9-9 16:49:08-debug: [Build Memory track]: builder:build-project-total start:239.51MB, end 230.36MB, increase: -9375.02KB
2026-9-9 16:49:08-debug: ================================ build Task (wechatgame) Finished in (1 min 24 s)ms ================================
2026-9-9 16:49:08-debug: Stop record console. {file(C:\Users\yyxkk\Mahjong\temp\builder\log\wechatgame2026-9-9 16-47.log)}
2026-9-9 16:49:08-debug: refresh db internal success
2026-9-9 16:49:08-debug: refresh db assets success
2026-9-9 16:49:08-debug: Run asset db hook engine-extends:afterRefresh ...
2026-9-9 16:49:08-debug: Run asset db hook engine-extends:afterRefresh success!
2026-9-9 16:49:08-debug: asset-db:refresh-all-database (150ms)
2026-9-9 16:49:08-debug: asset-db:worker-effect-data-processing (54ms)
2026-9-9 16:49:08-debug: asset-db-hook-engine-extends-afterRefresh (54ms)
2026-9-9 16:49:31-debug: refresh db internal success
2026-9-9 16:49:31-debug: refresh db assets success
2026-9-9 16:49:31-debug: Run asset db hook engine-extends:afterRefresh ...
2026-9-9 16:49:31-debug: Run asset db hook engine-extends:afterRefresh success!
2026-9-9 16:49:31-debug: asset-db:refresh-all-database (64ms)
2026-9-9 16:49:31-debug: asset-db:worker-effect-data-processing (1ms)
2026-9-9 16:49:31-debug: asset-db-hook-engine-extends-afterRefresh (2ms)
